---
source: horus_manager/src/monitor_tui/tests.rs
expression: render_to_string(&buffer)
---
┌──────────────────────────────────────────────────────────────────────────────────────────────────────────────────────┐
│                                    HORUS TUI v0.1.9 | LIVE | Nodes: 0 | Topics: 0                                    │
│ Overview  |  Nodes  |  Topics  |  TransformFrame  |  Packages  |  Params  |  Recordings                              │
└──────────────────────────────────────────────────────────────────────────────────────────────────────────────────────┘
┌Runtime Parameters (14) - [a] Add | [e] Edit | [d] Delete | [s] Save | [r] Refresh────────────────────────────────────┐
│Parameter                                 Value                                                     Type              │
│acceleration_limit                        0.5                                                       number            │
│camera_fps                                30                                                        number            │
│collision_threshold                       0.5                                                       number            │
│emergency_stop_distance                   0.3                                                       number            │
│lidar_rate                                10                                                        number            │
│max_angular_speed                         1.0                                                       number            │
│max_memory_mb                             512                                                       number            │
│max_speed                                 1.0                                                       number            │
│pid_kd                                    0.05                                                      number            │
│pid_ki                                    0.1                                                       number            │
│pid_kp                                    1.0                                                       number            │
│robot.speed                               1.5                                                       number            │
│sensor_timeout_ms                         1000                                                      number            │
│tick_rate                                 30                                                        number            │
│                                                                                                                      │
│                                                                                                                      │
│                                                                                                                      │
│                                                                                                                      │
│                                                                                                                      │
│                                                                                                                      │
│                                                                                                                      │
│                                                                                                                      │
│                                                                                                                      │
│                                                                                                                      │
│                                                                                                                      │
│                                                                                                                      │
│                                                                                                                      │
│                                                                                                                      │
│                                                                                                                      │
│                                                                                                                      │
│                                                                                                                      │
└──────────────────────────────────────────────────────────────────────────────────────────────────────────────────────┘
            [A] Add | [E] Edit | [D] Delete | [R] Refresh | [S] Save | [TAB] Switch Tab | [?] Help | [Q] Quit
