---
source: horus_manager/src/monitor_tui/tests.rs
expression: render_to_string(&buffer)
---
┌──────────────────────────────────────────────────────────────────────────────┐
│                HORUS TUI v0.1.9 | LIVE | Nodes: 0 | Topics: 0                │
│ Overview  |  Nodes  |  Topics  |  TransformFrame  |  Packages  |  Params  |  │
└──────────────────────────────────────────────────────────────────────────────┘
┌Local Workspaces (1) [FOCUSED - Press ← →]────────────────────────────────────┐
│Workspace                 Pkgs       Path                                     │
│> horus_manager (current) 2          /home/neos/softmata/horus/horus_manager  │
│                                                                              │
│                                                                              │
│                                                                              │
│                                                                              │
│                                                                              │
└──────────────────────────────────────────────────────────────────────────────┘
┌Global Packages (4) [Press ← to focus]────────────────────────────────────────┐
│Package                                           Version         Size        │
│horus@0.1.9                                       0.1.9           1485.9 MB   │
│horus_core@0.1.9                                  0.1.9           73.4 MB     │
│horus_library@0.1.9                               0.1.9           36.8 MB     │
│horus_macros@0.1.9                                0.1.9           23.2 MB     │
│                                                                              │
│                                                                              │
└──────────────────────────────────────────────────────────────────────────────┘
 [ENTER] View Packages | [↑↓] Navigate | [TAB] Switch Tab | [?] Help | [Q] Quit
