---
source: horus_manager/src/monitor_tui/tests.rs
expression: render_to_string(&buffer)
---
┌──────────────────────────────────────────────────────────────────────────────────────────────────────────────────────┐
│                                    HORUS TUI v0.1.9 | LIVE | Nodes: 0 | Topics: 0                                    │
│ Overview  |  Nodes  |  Topics  |  TransformFrame  |  Packages  |  Params  |  Recordings                              │
└──────────────────────────────────────────────────────────────────────────────────────────────────────────────────────┘
┌Recording Sessions (0) - Press Enter to Debug─────────────────────────────────────────────────────────────────────────┐
│    Session                                   Files              Size                     Ticks                       │
│                                                                                                                      │
│                                                                                                                      │
│                                                                                                                      │
│                                                                                                                      │
│                                                                                                                      │
│                                                                                                                      │
│                                                                                                                      │
│                                                                                                                      │
│                                                                                                                      │
│                                                                                                                      │
│                                                                                                                      │
│                                                                                                                      │
│                                                                                                                      │
│                                                                                                                      │
│                                                                                                                      │
│                                                                                                                      │
│                                                                                                                      │
└──────────────────────────────────────────────────────────────────────────────────────────────────────────────────────┘
┌Info──────────────────────────────────────────────────────────────────────────────────────────────────────────────────┐
│Recording Types:                                                                                                      │
│  ⚡  ZeroCopy - Memory-mapped, fastest replay                                                                         │
│  🌐  Distributed - Multi-robot fleet recording                                                                        │
│  📁  Standard - Portable JSON format                                                                                  │
│                                                                                                                      │
│Debugger Features:                                                                                                    │
│  • Step forward/backward through execution                                                                           │
└──────────────────────────────────────────────────────────────────────────────────────────────────────────────────────┘
┌Controls──────────────────────────────────────────────────────────────────────────────────────────────────────────────┐
│                             [Enter] Load into Debugger  [↑/↓] Navigate  [Tab] Switch Tab                             │
│                                                                                                                      │
│                                                                                                                      │
└──────────────────────────────────────────────────────────────────────────────────────────────────────────────────────┘
                           [TAB] Switch Tab | [↑↓] Navigate | [P] Pause | [?] Help | [Q] Quit
